pdbs/villinfh-00001.pdb
pdbs/villinfh-00002.pdb
pdbs/villinfh-00003.pdb
pdbs/villinfh-00004.pdb
pdbs/villinfh-00005.pdb
pdbs/villinfh-00006.pdb
pdbs/villinfh-00007.pdb
pdbs/villinfh-00008.pdb
pdbs/villinfh-00009.pdb
pdbs/villinfh-00010.pdb
pdbs/villinfh-00011.pdb
pdbs/villinfh-00012.pdb
pdbs/villinfh-00013.pdb
pdbs/villinfh-00014.pdb
pdbs/villinfh-00015.pdb
pdbs/villinfh-00016.pdb
pdbs/villinfh-00017.pdb
pdbs/villinfh-00018.pdb
pdbs/villinfh-00019.pdb
pdbs/villinfh-00020.pdb
pdbs/villinfh-00021.pdb
pdbs/villinfh-00022.pdb
pdbs/villinfh-00023.pdb
pdbs/villinfh-00024.pdb
pdbs/villinfh-00025.pdb
pdbs/villinfh-00026.pdb
pdbs/villinfh-00027.pdb
pdbs/villinfh-00028.pdb
pdbs/villinfh-00029.pdb
pdbs/villinfh-00030.pdb
pdbs/villinfh-00031.pdb
pdbs/villinfh-00032.pdb
pdbs/villinfh-00033.pdb
pdbs/villinfh-00034.pdb
pdbs/villinfh-00035.pdb
pdbs/villinfh-00036.pdb
pdbs/villinfh-00037.pdb
pdbs/villinfh-00038.pdb
pdbs/villinfh-00039.pdb
pdbs/villinfh-00040.pdb
pdbs/villinfh-00041.pdb
pdbs/villinfh-00042.pdb
pdbs/villinfh-00043.pdb
pdbs/villinfh-00044.pdb
pdbs/villinfh-00045.pdb
pdbs/villinfh-00046.pdb
pdbs/villinfh-00047.pdb
pdbs/villinfh-00048.pdb
pdbs/villinfh-00049.pdb
pdbs/villinfh-00050.pdb
